<html>
<body>
<pre>
<h1>µVision Build Log</h1>
<h2>Tool Versions:</h2>
IDE-Version: µVision V5.26.2.0
Copyright (C) 2018 ARM Ltd and ARM Germany GmbH. All rights reserved.
License Information: Daniel Rodriguez, Universidad Galileo, LIC=----
 
Tool Versions:
Toolchain:       MDK-Lite  Version: 5.26.2.0
Toolchain Path:  C:\Keil_v5\ARM\ARMCC\Bin
C Compiler:      Armcc.exe V5.06 update 6 (build 750)
Assembler:       Armasm.exe V5.06 update 6 (build 750)
Linker/Locator:  ArmLink.exe V5.06 update 6 (build 750)
Library Manager: ArmAr.exe V5.06 update 6 (build 750)
Hex Converter:   FromElf.exe V5.06 update 6 (build 750)
CPU DLL:         SARMCM3.DLL V5.26.2.0
Dialog DLL:      DCM.DLL V1.17.2.0
Target DLL:      CMSIS_AGDI.dll V1.30.6.0
Dialog DLL:      TCM.DLL V1.36.1.0
 
<h2>Project:</h2>
C:\Users\drodriguez\Documents\tareas\maestria\pdae\2do Trimestre\Programación Para Plataformas Embebidas\Proyecto Final\Proyecto Final\Proyecto Final.uvprojx
Project File Date:  05/01/2019

<h2>Output:</h2>
*** Using Compiler 'V5.06 update 6 (build 750)', folder: 'C:\Keil_v5\ARM\ARMCC\Bin'
Rebuild target 'Target 1'
assembling startup_MK64F12.s...
compiling system_MK64F12.c...
RTE\Device\MK64FN1M0xxx12\system_MK64F12.c(143): warning:  #2532-D: support for trigraphs is disabled
    /* WDOG->STCTRLH: ??=0,DISTESTWDOG=0,BYTESEL=0,TESTSEL=0,TESTWDOG=0,??=0,??=1,WAITEN=1,STOPEN=1,DBGEN=0,ALLOWUPDATE=1,WINEN=0,IRQRSTEN=0,CLKSRC=1,WDOGEN=0 */
RTE\Device\MK64FN1M0xxx12\system_MK64F12.c: 1 warning, 0 errors
compiling main.c...
main.c(15): warning:  #1295-D: Deprecated declaration uart_getchar - give arg types
  uint8_t uart_getchar ();
main.c(41): warning:  #1035-D: single-precision operand implicitly converted to double-precision
  	linearVelocity =  0.10472 * wheelRadius * rpm ; //(2PI/60) * radio * rpm
main.c(108): warning:  #177-D: variable "ch"  was declared but never referenced
  	uint8_t ch;
main.c: 3 warnings, 0 errors
linking...
Program Size: Code=6740 RO-data=1232 RW-data=20 ZI-data=1124  
".\Objects\Proyecto Final.axf" - 0 Error(s), 4 Warning(s).

<h2>Software Packages used:</h2>

Package Vendor: ARM
                http://www.keil.com/pack/ARM.CMSIS.5.4.0.pack
                ARM.CMSIS.5.4.0
                CMSIS (Cortex Microcontroller Software Interface Standard)
   * Component: CORE Version: 5.1.2

Package Vendor: Keil
                http://www.keil.com/pack/Keil.Kinetis_K60_DFP.1.5.0.pack
                Keil.Kinetis_K60_DFP.1.5.0
                NXP Kinetis K60 Series Device Support and Examples
   * Component: Startup Version: 1.0.0

<h2>Collection of Component include folders:</h2>
  .\RTE\_Target_1
  C:\Keil_v5\ARM\PACK\ARM\CMSIS\5.4.0\CMSIS\Core\Include
  C:\Keil_v5\ARM\PACK\Keil\Kinetis_K60_DFP\1.5.0\Device\Include

<h2>Collection of Component Files used:</h2>

   * Component: ARM::CMSIS:CORE:5.1.2

   * Component: Keil::Device:Startup:1.0.0
      Source file:   Device\Source\system_MK64F12.c
      Source file:   Device\Source\ARM\startup_MK64F12.s
Build Time Elapsed:  00:00:02
</pre>
</body>
</html>
